 
****************************************
Report : timing
        -path full
        -delay min
        -max_paths 1
Design : KnightsTour
Version: S-2021.06
Date   : Wed Dec  8 20:26:36 2021
****************************************

Operating Conditions: tt0p85v25c   Library: saed32lvt_tt0p85v25c
Wire Load Model Mode: enclosed

  Startpoint: iIR/smpl_tmr_reg[0]
              (rising edge-triggered flip-flop clocked by clk)
  Endpoint: iIR/smpl_tmr_reg[0]
            (rising edge-triggered flip-flop clocked by clk)
  Path Group: clk
  Path Type: min

  Des/Clust/Port     Wire Load Model       Library
  ------------------------------------------------
  KnightsTour        16000                 saed32lvt_tt0p85v25c

  Point                                                   Incr       Path
  --------------------------------------------------------------------------
  clock clk (rise edge)                                   0.00       0.00
  clock network delay (ideal)                             0.00       0.00
  iIR/smpl_tmr_reg[0]/CLK (DFFARX1_LVT)                   0.00       0.00 r
  iIR/smpl_tmr_reg[0]/QN (DFFARX1_LVT)                    0.05       0.05 f
  iIR/smpl_tmr_reg[0]/D (DFFARX1_LVT)                     0.01       0.06 f
  data arrival time                                                  0.06

  clock clk (rise edge)                                   0.00       0.00
  clock network delay (ideal)                             0.00       0.00
  clock uncertainty                                       0.20       0.20
  iIR/smpl_tmr_reg[0]/CLK (DFFARX1_LVT)                   0.00       0.20 r
  library hold time                                      -0.01       0.19
  data required time                                                 0.19
  --------------------------------------------------------------------------
  data required time                                                 0.19
  data arrival time                                                 -0.06
  --------------------------------------------------------------------------
  slack (VIOLATED)                                                  -0.12


1
